[2026-08-03 11:32:09,041] [INFO] Logging initialised.
[2026-08-03 11:32:09,070] [INFO] ================================================================================
[2026-08-03 11:32:09,070] [INFO] Starting WP5 Clinical Intelligence API
[2026-08-03 11:32:09,071] [INFO] ================================================================================
[2026-08-03 11:33:54,657] [INFO] Loaded WP2 table with shape (118767, 68)
[2026-08-03 11:33:55,911] [INFO] Loaded registry with 20 antibiotics.
[2026-08-03 11:34:14,866] [INFO] Loaded WP2 table with shape (118767, 68)
[2026-08-03 11:34:14,920] [INFO] Sampled 200 background patients.
[2026-08-03 11:34:23,372] [INFO] Background preprocessed shape: (200, 37)
[2026-08-03 11:34:23,376] [INFO] Background scaled shape: (200, 56)
[2026-08-03 11:34:23,395] [INFO] Building SHAP explainer for XGBClassifier
[2026-08-03 11:34:23,396] [WARNING] Background dataset has 200 samples but max_samples=100. Subsampling to 100 samples for SHAP value computation. To use all samples, set max_samples=200 when initializing the masker.
[2026-08-03 11:34:23,447] [WARNING] model_output='probability' with tree_path_dependent failed, trying 'raw'
[2026-08-03 11:34:23,448] [WARNING] Background dataset has 200 samples but max_samples=100. Subsampling to 100 samples for SHAP value computation. To use all samples, set max_samples=200 when initializing the masker.
[2026-08-03 11:34:23,517] [WARNING] XGBoost model with categorical splits – falling back to KernelExplainer (may be slower)
[2026-08-03 11:34:23,653] [WARNING] Using 200 background data samples could cause slower run times. Consider using shap.sample(data, K) or shap.kmeans(data, K) to summarize the background as K samples.
[2026-08-03 11:34:23,851] [INFO] num_full_subsets = 1
[2026-08-03 11:34:23,851] [INFO] remaining_weight_vector = array([0.18403604, 0.12759832, 0.09968619, 0.0832163 , 0.07249905,
       0.06510118, 0.05981171, 0.05596418, 0.05316597, 0.0511758 ,
       0.04984309, 0.04907628, 0.04882589])
[2026-08-03 11:34:23,852] [INFO] num_paired_subset_sizes = 13
[2026-08-03 11:34:24,053] [INFO] weight_left = np.float64(0.7335092992693836)
[2026-08-03 11:34:26,676] [INFO] np.sum(w_aug) = np.float64(28.0)
[2026-08-03 11:34:26,677] [INFO] np.sum(self.kernelWeights) = np.float64(1.0)
[2026-08-03 11:34:27,182] [INFO] phi = array([ 0.06502293, -0.00971712,  0.        ,  0.00199439,  0.        ,
        0.        ,  0.        ,  0.        ,  0.        ,  0.00145069,
        0.        ,  0.        ,  0.        ,  0.        ,  0.        ,
        0.        ,  0.        ,  0.        ,  0.        ,  0.0189623 ,
        0.00359582, -0.01031701,  0.        ,  0.08527031,  0.01049003,
        0.        ,  0.00966154,  0.        ])
[2026-08-03 11:34:27,185] [INFO] np.sum(w_aug) = np.float64(28.0)
[2026-08-03 11:34:27,186] [INFO] np.sum(self.kernelWeights) = np.float64(1.0)
[2026-08-03 11:34:27,212] [INFO] phi = array([-0.06502293,  0.00971712,  0.        , -0.00199439,  0.        ,
        0.        ,  0.        ,  0.        ,  0.        , -0.00145069,
        0.        ,  0.        ,  0.        ,  0.        ,  0.        ,
        0.        ,  0.        ,  0.        ,  0.        , -0.0189623 ,
       -0.00359582,  0.01031701,  0.        , -0.08527031, -0.01049003,
        0.        , -0.00966154,  0.        ])
[2026-08-03 11:41:23,278] [INFO] Loaded WP2 table with shape (118767, 68)
[2026-08-03 11:41:23,295] [INFO] Sampled 200 background patients.
[2026-08-03 11:41:31,316] [INFO] Background preprocessed shape: (200, 37)
[2026-08-03 11:41:31,321] [INFO] Background scaled shape: (200, 56)
[2026-08-03 11:41:31,342] [INFO] Building SHAP explainer for XGBClassifier
[2026-08-03 11:41:31,343] [WARNING] Background dataset has 200 samples but max_samples=100. Subsampling to 100 samples for SHAP value computation. To use all samples, set max_samples=200 when initializing the masker.
[2026-08-03 11:41:31,380] [WARNING] model_output='probability' with tree_path_dependent failed, trying 'raw'
[2026-08-03 11:41:31,381] [WARNING] Background dataset has 200 samples but max_samples=100. Subsampling to 100 samples for SHAP value computation. To use all samples, set max_samples=200 when initializing the masker.
[2026-08-03 11:41:31,415] [WARNING] XGBoost model with categorical splits – falling back to KernelExplainer (may be slower)
[2026-08-03 11:41:31,442] [WARNING] Using 200 background data samples could cause slower run times. Consider using shap.sample(data, K) or shap.kmeans(data, K) to summarize the background as K samples.
[2026-08-03 11:41:31,565] [INFO] num_full_subsets = 1
[2026-08-03 11:41:31,566] [INFO] remaining_weight_vector = array([0.18403604, 0.12759832, 0.09968619, 0.0832163 , 0.07249905,
       0.06510118, 0.05981171, 0.05596418, 0.05316597, 0.0511758 ,
       0.04984309, 0.04907628, 0.04882589])
[2026-08-03 11:41:31,566] [INFO] num_paired_subset_sizes = 13
[2026-08-03 11:41:31,685] [INFO] weight_left = np.float64(0.7335092992693836)
[2026-08-03 11:41:34,058] [INFO] np.sum(w_aug) = np.float64(28.0)
[2026-08-03 11:41:34,060] [INFO] np.sum(self.kernelWeights) = np.float64(1.0000000000000002)
[2026-08-03 11:41:34,077] [INFO] phi = array([ 0.06493228, -0.00953937,  0.        ,  0.00165583,  0.        ,
        0.        ,  0.        ,  0.        ,  0.        ,  0.        ,
        0.        ,  0.        ,  0.        ,  0.        ,  0.        ,
        0.00203359,  0.        ,  0.        ,  0.        ,  0.01929219,
        0.00344411, -0.0104217 ,  0.        ,  0.0851641 ,  0.01019452,
        0.        ,  0.00965834,  0.        ])
[2026-08-03 11:41:34,079] [INFO] np.sum(w_aug) = np.float64(28.0)
[2026-08-03 11:41:34,080] [INFO] np.sum(self.kernelWeights) = np.float64(1.0000000000000002)
[2026-08-03 11:41:34,092] [INFO] phi = array([-0.06493228,  0.00953937,  0.        , -0.00165583,  0.        ,
        0.        ,  0.        ,  0.        ,  0.        ,  0.        ,
        0.        ,  0.        ,  0.        ,  0.        ,  0.        ,
       -0.00203359,  0.        ,  0.        ,  0.        , -0.01929219,
       -0.00344411,  0.0104217 ,  0.        , -0.0851641 , -0.01019452,
        0.        , -0.00965834,  0.        ])
[2026-08-03 11:49:14,328] [INFO] ================================================================================
[2026-08-03 11:49:14,993] [INFO] Stopping WP5 Clinical Intelligence API
[2026-08-03 11:49:14,994] [INFO] ================================================================================
