[2026-08-02 05:47:32,262] [INFO] ================================================================================
[2026-08-02 05:47:32,263] [INFO] WP4 – CLINICAL DECISION ENGINE (PRODUCTION)
[2026-08-02 05:47:32,263] [INFO] ================================================================================
[2026-08-02 05:47:32,277] [INFO] Loaded registry with 20 antibiotics.
[2026-08-02 05:47:32,277] [INFO] No patient ID provided; using first patient from WP2 table.
[2026-08-02 05:47:32,675] [INFO] Loaded WP2 table with shape (118767, 68)
[2026-08-02 05:47:32,676] [INFO] No patient ID provided; using first row.
[2026-08-02 05:47:32,681] [INFO] Processing patient: 300712252
[2026-08-02 05:47:32,740] [INFO] Preprocessed patient features: 37
[2026-08-02 05:47:32,740] [INFO] Running predictions...
[2026-08-02 05:47:37,666] [INFO] Predictions complete.
[2026-08-02 05:47:37,667] [INFO] Generating SHAP explanation for Ciprofloxacin...
[2026-08-02 05:47:37,968] [INFO] Loaded WP2 table with shape (118767, 68)
[2026-08-02 05:47:37,986] [INFO] Sampled 200 background patients.
[2026-08-02 05:47:47,227] [INFO] Background preprocessed shape: (200, 37)
[2026-08-02 05:47:47,232] [INFO] Background scaled shape: (200, 56)
[2026-08-02 05:47:47,255] [INFO] Building SHAP explainer for XGBClassifier
[2026-08-02 05:47:47,255] [WARNING] Background dataset has 200 samples but max_samples=100. Subsampling to 100 samples for SHAP value computation. To use all samples, set max_samples=200 when initializing the masker.
[2026-08-02 05:47:47,309] [WARNING] model_output='probability' failed (Only model_output="raw" is supported for feature_perturbation="tree_path_dependent"), falling back to 'raw'
[2026-08-02 05:47:47,310] [WARNING] Background dataset has 200 samples but max_samples=100. Subsampling to 100 samples for SHAP value computation. To use all samples, set max_samples=200 when initializing the masker.
[2026-08-02 05:47:47,363] [ERROR] SHAP explanation failed for Ciprofloxacin
Traceback (most recent call last):
  File "C:\Users\Adetokunbo\Desktop\villi\ARMD\WP4_Decision_Engine.py", line 573, in generate_shap_explanation
    shap_values = explainer.shap_values(X_scaled)
  File "C:\Users\Adetokunbo\Desktop\villi\.venv\Lib\site-packages\shap\explainers\_tree.py", line 673, in shap_values
    _xgboost_cat_unsupported(self.model)
    ~~~~~~~~~~~~~~~~~~~~~~~~^^^^^^^^^^^^
  File "C:\Users\Adetokunbo\Desktop\villi\.venv\Lib\site-packages\shap\explainers\_tree.py", line 111, in _xgboost_cat_unsupported
    raise NotImplementedError(
    ...<2 lines>...
    )
NotImplementedError: Categorical split is not yet supported. You can still use TreeExplainer with `feature_perturbation=tree_path_dependent`.
[2026-08-02 05:47:47,373] [ERROR] SHAP failed: Categorical split is not yet supported. You can still use TreeExplainer with `feature_perturbation=tree_path_dependent`.
[2026-08-02 05:47:47,393] [INFO] Report saved to C:\Users\Adetokunbo\Desktop\villi\ARMD\output/WP4\Patients\300712252\report.txt
[2026-08-02 05:47:47,419] [INFO] JSON saved to C:\Users\Adetokunbo\Desktop\villi\ARMD\output/WP4\Patients\300712252\prediction.json
[2026-08-02 05:47:49,127] [INFO] Audit saved to C:\Users\Adetokunbo\Desktop\villi\ARMD\output/WP4\Patients\300712252\audit.json
[2026-08-02 05:47:49,129] [INFO] Validation passed.
[2026-08-02 05:47:49,129] [INFO] ================================================================================
[2026-08-02 05:47:49,130] [INFO] WP4 COMPLETE
[2026-08-02 05:47:49,130] [INFO] ================================================================================
[2026-08-02 05:47:49,131] [INFO] Report: C:\Users\Adetokunbo\Desktop\villi\ARMD\output/WP4\Patients\300712252\report.txt
[2026-08-02 05:47:49,131] [INFO] JSON: C:\Users\Adetokunbo\Desktop\villi\ARMD\output/WP4\Patients\300712252\prediction.json
[2026-08-02 05:47:49,132] [INFO] Audit: C:\Users\Adetokunbo\Desktop\villi\ARMD\output/WP4\Patients\300712252\audit.json
[2026-08-02 05:47:49,132] [INFO] Log: C:\Users\Adetokunbo\Desktop\villi\ARMD\output/WP4\Logs\WP4_20260802_054732.log
[2026-08-02 05:47:49,133] [INFO] ================================================================================
