[2026-08-02 05:51:11,977] [INFO] ================================================================================
[2026-08-02 05:51:11,978] [INFO] WP4 – CLINICAL DECISION ENGINE (PRODUCTION)
[2026-08-02 05:51:11,978] [INFO] ================================================================================
[2026-08-02 05:51:11,994] [INFO] Loaded registry with 20 antibiotics.
[2026-08-02 05:51:11,995] [INFO] No patient ID provided; using first patient from WP2 table.
[2026-08-02 05:51:12,415] [INFO] Loaded WP2 table with shape (118767, 68)
[2026-08-02 05:51:12,415] [INFO] No patient ID provided; using first row.
[2026-08-02 05:51:12,418] [INFO] Processing patient: 300712252
[2026-08-02 05:51:12,503] [INFO] Preprocessed patient features: 37
[2026-08-02 05:51:12,504] [INFO] Running predictions...
[2026-08-02 05:51:16,979] [INFO] Predictions complete.
[2026-08-02 05:51:16,981] [INFO] Generating SHAP explanation for Ciprofloxacin...
[2026-08-02 05:51:17,264] [INFO] Loaded WP2 table with shape (118767, 68)
[2026-08-02 05:51:17,281] [INFO] Sampled 200 background patients.
[2026-08-02 05:51:25,963] [INFO] Background preprocessed shape: (200, 37)
[2026-08-02 05:51:25,969] [INFO] Background scaled shape: (200, 56)
[2026-08-02 05:51:26,001] [INFO] Building SHAP explainer for XGBClassifier
[2026-08-02 05:51:26,002] [WARNING] Background dataset has 200 samples but max_samples=100. Subsampling to 100 samples for SHAP value computation. To use all samples, set max_samples=200 when initializing the masker.
[2026-08-02 05:51:26,062] [WARNING] model_output='probability' with tree_path_dependent failed, trying 'raw'
[2026-08-02 05:51:26,063] [WARNING] Background dataset has 200 samples but max_samples=100. Subsampling to 100 samples for SHAP value computation. To use all samples, set max_samples=200 when initializing the masker.
[2026-08-02 05:51:26,115] [WARNING] XGBoost model with categorical splits – falling back to KernelExplainer (may be slower)
[2026-08-02 05:51:26,218] [WARNING] Using 200 background data samples could cause slower run times. Consider using shap.sample(data, K) or shap.kmeans(data, K) to summarize the background as K samples.
[2026-08-02 05:51:26,428] [INFO] num_full_subsets = 1
[2026-08-02 05:51:26,430] [INFO] remaining_weight_vector = array([0.18403604, 0.12759832, 0.09968619, 0.0832163 , 0.07249905,
       0.06510118, 0.05981171, 0.05596418, 0.05316597, 0.0511758 ,
       0.04984309, 0.04907628, 0.04882589])
[2026-08-02 05:51:26,431] [INFO] num_paired_subset_sizes = 13
[2026-08-02 05:51:26,755] [INFO] weight_left = np.float64(0.7335092992693836)
[2026-08-02 05:51:29,948] [INFO] np.sum(w_aug) = np.float64(28.000000000000004)
[2026-08-02 05:51:29,949] [INFO] np.sum(self.kernelWeights) = np.float64(1.0)
[2026-08-02 05:51:30,231] [INFO] phi = array([ 0.06474954, -0.00957956,  0.        ,  0.        ,  0.        ,
        0.        ,  0.        ,  0.        ,  0.        ,  0.00142052,
        0.        ,  0.        ,  0.        ,  0.        ,  0.        ,
        0.00157648,  0.        ,  0.        ,  0.        ,  0.01931635,
        0.00379824, -0.01041878,  0.        ,  0.08570508,  0.01032028,
        0.        ,  0.00952573,  0.        ])
[2026-08-02 05:51:30,236] [INFO] np.sum(w_aug) = np.float64(28.000000000000004)
[2026-08-02 05:51:30,237] [INFO] np.sum(self.kernelWeights) = np.float64(1.0)
[2026-08-02 05:51:30,254] [INFO] phi = array([-0.06474954,  0.00957956,  0.        ,  0.        ,  0.        ,
        0.        ,  0.        ,  0.        ,  0.        , -0.00142052,
        0.        ,  0.        ,  0.        ,  0.        ,  0.        ,
       -0.00157648,  0.        ,  0.        ,  0.        , -0.01931635,
       -0.00379824,  0.01041878,  0.        , -0.08570508, -0.01032028,
        0.        , -0.00952573,  0.        ])
[2026-08-02 05:51:52,110] [INFO] SHAP explanation generated.
[2026-08-02 05:51:52,120] [INFO] Report saved to C:\Users\Adetokunbo\Desktop\villi\ARMD\output/WP4\Patients\300712252\report.txt
[2026-08-02 05:51:52,149] [INFO] JSON saved to C:\Users\Adetokunbo\Desktop\villi\ARMD\output/WP4\Patients\300712252\prediction.json
[2026-08-02 05:51:53,595] [INFO] Audit saved to C:\Users\Adetokunbo\Desktop\villi\ARMD\output/WP4\Patients\300712252\audit.json
[2026-08-02 05:51:53,598] [INFO] Validation passed.
[2026-08-02 05:51:53,598] [INFO] ================================================================================
[2026-08-02 05:51:53,599] [INFO] WP4 COMPLETE
[2026-08-02 05:51:53,599] [INFO] ================================================================================
[2026-08-02 05:51:53,599] [INFO] Report: C:\Users\Adetokunbo\Desktop\villi\ARMD\output/WP4\Patients\300712252\report.txt
[2026-08-02 05:51:53,600] [INFO] JSON: C:\Users\Adetokunbo\Desktop\villi\ARMD\output/WP4\Patients\300712252\prediction.json
[2026-08-02 05:51:53,600] [INFO] Audit: C:\Users\Adetokunbo\Desktop\villi\ARMD\output/WP4\Patients\300712252\audit.json
[2026-08-02 05:51:53,600] [INFO] SHAP figures:
[2026-08-02 05:51:53,601] [INFO]   waterfall: C:\Users\Adetokunbo\Desktop\villi\ARMD\output/WP4\Patients\300712252\shap\Ciprofloxacin_waterfall.png
[2026-08-02 05:51:53,601] [INFO]   bar: C:\Users\Adetokunbo\Desktop\villi\ARMD\output/WP4\Patients\300712252\shap\Ciprofloxacin_bar.png
[2026-08-02 05:51:53,602] [INFO]   force: C:\Users\Adetokunbo\Desktop\villi\ARMD\output/WP4\Patients\300712252\shap\Ciprofloxacin_force.html
[2026-08-02 05:51:53,602] [INFO]   beeswarm: C:\Users\Adetokunbo\Desktop\villi\ARMD\output/WP4\Patients\300712252\shap\Ciprofloxacin_beeswarm.png
[2026-08-02 05:51:53,603] [INFO] Log: C:\Users\Adetokunbo\Desktop\villi\ARMD\output/WP4\Logs\WP4_20260802_055111.log
[2026-08-02 05:51:53,604] [INFO] ================================================================================
