[2026-09-08 11:20:55,818] [INFO] Loaded registry with 20 antibiotics.
[2026-09-08 11:20:55,829] [INFO] Loaded registry with 20 antibiotics
[2026-09-08 11:20:55,829] [INFO] Loaded WP3 preprocessing artifacts
[2026-09-08 11:20:56,168] [INFO] Loaded WP2 table with shape (118767, 68)
[2026-09-08 11:20:56,168] [INFO] Loaded WP2 table with shape (118767, 68)
[2026-09-08 11:20:56,781] [INFO] Loaded model package for Amikacin
[2026-09-08 11:20:56,837] [INFO] Preprocessed patient data to shape (1, 37)
[2026-09-08 11:20:57,448] [INFO] Loaded model package for Amoxicillin/Clavulanic Acid
[2026-09-08 11:20:57,660] [INFO] Preprocessed patient data to shape (1, 37)
[2026-09-08 11:20:57,957] [INFO] Loaded model package for Ampicillin
[2026-09-08 11:20:58,057] [INFO] Preprocessed patient data to shape (1, 37)
[2026-09-08 11:20:58,551] [INFO] Loaded model package for Ampicillin/Sulbactam
[2026-09-08 11:20:58,605] [INFO] Preprocessed patient data to shape (1, 37)
[2026-09-08 11:20:58,986] [INFO] Loaded model package for Aztreonam
[2026-09-08 11:20:59,088] [INFO] Preprocessed patient data to shape (1, 37)
[2026-09-08 11:20:59,134] [INFO] Loaded model package for Cefazolin
[2026-09-08 11:20:59,201] [INFO] Preprocessed patient data to shape (1, 37)
[2026-09-08 11:20:59,402] [INFO] Loaded model package for Cefepime
[2026-09-08 11:20:59,450] [INFO] Preprocessed patient data to shape (1, 37)
[2026-09-08 11:20:59,785] [INFO] Loaded model package for Cefoxitin
[2026-09-08 11:20:59,863] [INFO] Preprocessed patient data to shape (1, 37)
[2026-09-08 11:20:59,944] [INFO] Loaded model package for Ceftaroline
[2026-09-08 11:21:00,001] [INFO] Preprocessed patient data to shape (1, 37)
[2026-09-08 11:21:00,141] [INFO] Loaded model package for Ceftazidime
[2026-09-08 11:21:00,192] [INFO] Preprocessed patient data to shape (1, 37)
[2026-09-08 11:21:00,208] [INFO] Loaded model package for Ceftriaxone
[2026-09-08 11:21:00,251] [INFO] Preprocessed patient data to shape (1, 37)
[2026-09-08 11:21:00,301] [INFO] Loaded model package for Cefuroxime
[2026-09-08 11:21:00,362] [INFO] Preprocessed patient data to shape (1, 37)
[2026-09-08 11:21:00,433] [INFO] Loaded model package for Ciprofloxacin
[2026-09-08 11:21:00,491] [INFO] Preprocessed patient data to shape (1, 37)
[2026-09-08 11:21:00,569] [INFO] Loaded model package for Clarithromycin
[2026-09-08 11:21:00,625] [INFO] Preprocessed patient data to shape (1, 37)
[2026-09-08 11:21:00,909] [INFO] Loaded model package for Clindamycin
[2026-09-08 11:21:00,951] [INFO] Preprocessed patient data to shape (1, 37)
[2026-09-08 11:21:01,145] [INFO] Loaded model package for Daptomycin
[2026-09-08 11:21:01,234] [INFO] Preprocessed patient data to shape (1, 37)
[2026-09-08 11:21:01,309] [INFO] Loaded model package for Doxycycline
[2026-09-08 11:21:01,363] [INFO] Preprocessed patient data to shape (1, 37)
[2026-09-08 11:21:01,568] [INFO] Loaded model package for Erythromycin
[2026-09-08 11:21:01,607] [INFO] Preprocessed patient data to shape (1, 37)
[2026-09-08 11:21:01,792] [INFO] Loaded model package for Gentamicin
[2026-09-08 11:21:01,851] [INFO] Preprocessed patient data to shape (1, 37)
[2026-09-08 11:21:01,935] [INFO] Loaded model package for Levofloxacin
[2026-09-08 11:21:01,987] [INFO] Preprocessed patient data to shape (1, 37)
