0 verbose cli C:\Program Files\nodejs\node.exe C:\Program Files\nodejs\node_modules\npm\bin\npm-cli.js
1 info using npm@11.16.0
2 info using node@v24.18.0
3 silly config load:file:C:\Program Files\nodejs\node_modules\npm\npmrc
4 silly config load:file:C:\Users\Adetokunbo\Desktop\Pharmatrybe_project\Pharmatrybe\.npmrc
5 silly config load:file:C:\Users\Adetokunbo\.npmrc
6 silly config load:file:C:\Users\Adetokunbo\AppData\Roaming\npm\etc\npmrc
7 verbose title npm install
8 verbose argv "install"
9 verbose logfile logs-max:10 dir:C:\Users\Adetokunbo\Desktop\Pharmatrybe_project\Pharmatrybe\.npm-local-cache\_logs\2026-08-30T14_47_10_671Z-
10 verbose logfile C:\Users\Adetokunbo\Desktop\Pharmatrybe_project\Pharmatrybe\.npm-local-cache\_logs\2026-08-30T14_47_10_671Z-debug-0.log
11 silly logfile start cleaning logs, removing 1 files
12 silly packumentCache heap:2348810240 maxSize:587202560 maxEntrySize:293601280
13 silly logfile done cleaning log files
14 silly idealTree buildDeps
15 silly fetch manifest @google/genai@^2.4.0
16 silly packumentCache full:https://registry.npmjs.org/@google%2fgenai cache-miss
17 http fetch GET 200 https://registry.npmjs.org/@google%2fgenai 1005ms (cache revalidated)
18 silly packumentCache full:https://registry.npmjs.org/@google%2fgenai set size:552329 disposed:false
19 silly fetch manifest @modelcontextprotocol/sdk@^1.25.2
20 silly packumentCache full:https://registry.npmjs.org/@modelcontextprotocol%2fsdk cache-miss
21 http fetch GET 200 https://registry.npmjs.org/@modelcontextprotocol%2fsdk 291ms (cache revalidated)
22 silly packumentCache full:https://registry.npmjs.org/@modelcontextprotocol%2fsdk set size:302290 disposed:false
23 silly fetch manifest @cfworker/json-schema@^4.1.1
24 silly packumentCache full:https://registry.npmjs.org/@cfworker%2fjson-schema cache-miss
25 http fetch GET 200 https://registry.npmjs.org/@cfworker%2fjson-schema 210ms (cache revalidated)
26 silly packumentCache full:https://registry.npmjs.org/@cfworker%2fjson-schema set size:144207 disposed:false
27 silly fetch manifest @hookform/resolvers@^5.8.0
28 silly packumentCache full:https://registry.npmjs.org/@hookform%2fresolvers cache-miss
29 http fetch GET 200 https://registry.npmjs.org/@hookform%2fresolvers 639ms (cache revalidated)
30 silly packumentCache full:https://registry.npmjs.org/@hookform%2fresolvers set size:1104184 disposed:false
31 silly fetch manifest @sinclair/typebox@>=0.25.24
32 silly packumentCache full:https://registry.npmjs.org/@sinclair%2ftypebox cache-miss
33 http fetch GET 200 https://registry.npmjs.org/@sinclair%2ftypebox 407ms (cache revalidated)
34 silly packumentCache full:https://registry.npmjs.org/@sinclair%2ftypebox set size:1212785 disposed:false
35 silly fetch manifest @standard-schema/spec@^1.0.0
36 silly packumentCache full:https://registry.npmjs.org/@standard-schema%2fspec cache-miss
37 http fetch GET 200 https://registry.npmjs.org/@standard-schema%2fspec 277ms (cache revalidated)
38 silly packumentCache full:https://registry.npmjs.org/@standard-schema%2fspec set size:27284 disposed:false
39 silly fetch manifest @typeschema/main@>=0.13.7
40 silly packumentCache full:https://registry.npmjs.org/@typeschema%2fmain cache-miss
41 http fetch GET 200 https://registry.npmjs.org/@typeschema%2fmain 772ms (cache revalidated)
42 silly packumentCache full:https://registry.npmjs.org/@typeschema%2fmain set size:64746 disposed:false
43 silly fetch manifest @typeschema/arktype@0.14.0
44 silly packumentCache full:https://registry.npmjs.org/@typeschema%2farktype cache-miss
45 http fetch GET 200 https://registry.npmjs.org/@typeschema%2farktype 595ms (cache revalidated)
46 silly packumentCache full:https://registry.npmjs.org/@typeschema%2farktype set size:13451 disposed:false
47 silly fetch manifest arktype@^2.0.0-rc.0
48 silly packumentCache full:https://registry.npmjs.org/arktype cache-miss
49 http fetch GET 200 https://registry.npmjs.org/arktype 589ms (cache revalidated)
50 silly packumentCache full:https://registry.npmjs.org/arktype set size:423205 disposed:false
51 silly fetch manifest @typeschema/class-validator@0.3.0
52 silly packumentCache full:https://registry.npmjs.org/@typeschema%2fclass-validator cache-miss
53 http fetch GET 200 https://registry.npmjs.org/@typeschema%2fclass-validator 610ms (cache revalidated)
54 silly packumentCache full:https://registry.npmjs.org/@typeschema%2fclass-validator set size:16735 disposed:false
55 silly fetch manifest class-validator@^0.14.1
56 silly packumentCache full:https://registry.npmjs.org/class-validator cache-miss
57 http fetch GET 200 https://registry.npmjs.org/class-validator 251ms (cache revalidated)
58 silly packumentCache full:https://registry.npmjs.org/class-validator set size:223768 disposed:false
59 silly fetch manifest @typeschema/deepkit@0.14.0
60 silly packumentCache full:https://registry.npmjs.org/@typeschema%2fdeepkit cache-miss
61 http fetch GET 200 https://registry.npmjs.org/@typeschema%2fdeepkit 742ms (cache revalidated)
62 silly packumentCache full:https://registry.npmjs.org/@typeschema%2fdeepkit set size:19158 disposed:false
63 silly fetch manifest @deepkit/type@^1.0.1-alpha.145
64 silly packumentCache full:https://registry.npmjs.org/@deepkit%2ftype cache-miss
65 http fetch GET 200 https://registry.npmjs.org/@deepkit%2ftype 647ms (cache revalidated)
66 silly packumentCache full:https://registry.npmjs.org/@deepkit%2ftype set size:402687 disposed:false
67 silly fetch manifest @deepkit/core@^1.0.1
68 silly packumentCache full:https://registry.npmjs.org/@deepkit%2fcore cache-miss
69 http fetch GET 200 https://registry.npmjs.org/@deepkit%2fcore 747ms (cache revalidated)
70 silly packumentCache full:https://registry.npmjs.org/@deepkit%2fcore set size:237858 disposed:false
71 silly fetch manifest @typeschema/effect@0.14.0
72 silly packumentCache full:https://registry.npmjs.org/@typeschema%2feffect cache-miss
73 http fetch GET 200 https://registry.npmjs.org/@typeschema%2feffect 645ms (cache revalidated)
74 silly packumentCache full:https://registry.npmjs.org/@typeschema%2feffect set size:19715 disposed:false
75 silly fetch manifest @effect/schema@^0.71.1
76 silly packumentCache full:https://registry.npmjs.org/@effect%2fschema cache-miss
77 http fetch GET 200 https://registry.npmjs.org/@effect%2fschema 731ms (cache revalidated)
78 silly packumentCache full:https://registry.npmjs.org/@effect%2fschema set size:1278231 disposed:false
79 silly fetch manifest effect@^3.6.8
80 silly packumentCache full:https://registry.npmjs.org/effect cache-miss
81 http fetch GET 200 https://registry.npmjs.org/effect 882ms (cache revalidated)
82 silly packumentCache full:https://registry.npmjs.org/effect set size:10322885 disposed:false
83 silly fetch manifest @typeschema/fastest-validator@0.2.0
84 silly packumentCache full:https://registry.npmjs.org/@typeschema%2ffastest-validator cache-miss
85 http fetch GET 200 https://registry.npmjs.org/@typeschema%2ffastest-validator 668ms (cache revalidated)
86 silly packumentCache full:https://registry.npmjs.org/@typeschema%2ffastest-validator set size:8241 disposed:false
87 silly fetch manifest fastest-validator@^1.19.0
88 silly packumentCache full:https://registry.npmjs.org/fastest-validator cache-miss
89 http fetch GET 200 https://registry.npmjs.org/fastest-validator 433ms (cache revalidated)
90 silly packumentCache full:https://registry.npmjs.org/fastest-validator set size:240519 disposed:false
91 silly fetch manifest @typeschema/function@0.14.0
92 silly packumentCache full:https://registry.npmjs.org/@typeschema%2ffunction cache-miss
93 http fetch GET 200 https://registry.npmjs.org/@typeschema%2ffunction 705ms (cache revalidated)
94 silly packumentCache full:https://registry.npmjs.org/@typeschema%2ffunction set size:13118 disposed:false
95 silly fetch manifest @typeschema/io-ts@0.14.0
96 silly packumentCache full:https://registry.npmjs.org/@typeschema%2fio-ts cache-miss
97 http fetch GET 200 https://registry.npmjs.org/@typeschema%2fio-ts 640ms (cache revalidated)
98 silly packumentCache full:https://registry.npmjs.org/@typeschema%2fio-ts set size:16584 disposed:false
99 silly fetch manifest fp-ts@^2.16.9
100 silly packumentCache full:https://registry.npmjs.org/fp-ts cache-miss
101 http fetch GET 200 https://registry.npmjs.org/fp-ts 494ms (cache revalidated)
102 silly packumentCache full:https://registry.npmjs.org/fp-ts set size:662771 disposed:false
103 silly fetch manifest io-ts@^2.2.21
104 silly packumentCache full:https://registry.npmjs.org/io-ts cache-miss
105 http fetch GET 200 https://registry.npmjs.org/io-ts 479ms (cache revalidated)
106 silly packumentCache full:https://registry.npmjs.org/io-ts set size:367490 disposed:false
107 silly fetch manifest @typeschema/joi@0.14.0
108 silly packumentCache full:https://registry.npmjs.org/@typeschema%2fjoi cache-miss
109 http fetch GET 200 https://registry.npmjs.org/@typeschema%2fjoi 570ms (cache revalidated)
110 silly packumentCache full:https://registry.npmjs.org/@typeschema%2fjoi set size:16153 disposed:false
111 silly fetch manifest joi@^17.13.3
112 silly packumentCache full:https://registry.npmjs.org/joi cache-miss
113 http fetch GET 200 https://registry.npmjs.org/joi 262ms (cache revalidated)
114 silly packumentCache full:https://registry.npmjs.org/joi set size:533950 disposed:false
115 silly fetch manifest joi-to-json@^4.3.0
116 silly packumentCache full:https://registry.npmjs.org/joi-to-json cache-miss
117 http fetch GET 200 https://registry.npmjs.org/joi-to-json 445ms (cache revalidated)
118 silly packumentCache full:https://registry.npmjs.org/joi-to-json set size:122751 disposed:false
119 silly fetch manifest @typeschema/json@0.14.0
120 silly packumentCache full:https://registry.npmjs.org/@typeschema%2fjson cache-miss
121 http fetch GET 200 https://registry.npmjs.org/@typeschema%2fjson 638ms (cache revalidated)
122 silly packumentCache full:https://registry.npmjs.org/@typeschema%2fjson set size:16546 disposed:false
123 silly fetch manifest ajv@^8.17.1
124 silly packumentCache full:https://registry.npmjs.org/ajv cache-miss
125 http fetch GET 200 https://registry.npmjs.org/ajv 334ms (cache revalidated)
126 silly packumentCache full:https://registry.npmjs.org/ajv set size:1142658 disposed:false
127 silly fetch manifest json-schema-to-ts@^3.1.0
128 silly packumentCache full:https://registry.npmjs.org/json-schema-to-ts cache-miss
129 http fetch GET 200 https://registry.npmjs.org/json-schema-to-ts 301ms (cache revalidated)
130 silly packumentCache full:https://registry.npmjs.org/json-schema-to-ts set size:287972 disposed:false
131 silly fetch manifest @typeschema/ow@0.14.0
132 silly packumentCache full:https://registry.npmjs.org/@typeschema%2fow cache-miss
133 http fetch GET 200 https://registry.npmjs.org/@typeschema%2fow 634ms (cache revalidated)
134 silly packumentCache full:https://registry.npmjs.org/@typeschema%2fow set size:15748 disposed:false
135 silly fetch manifest ow@^0.28.2
136 silly packumentCache full:https://registry.npmjs.org/ow cache-miss
137 http fetch GET 200 https://registry.npmjs.org/ow 423ms (cache revalidated)
138 silly packumentCache full:https://registry.npmjs.org/ow set size:190008 disposed:false
139 silly fetch manifest @typeschema/runtypes@0.14.0
140 silly packumentCache full:https://registry.npmjs.org/@typeschema%2fruntypes cache-miss
141 http fetch GET 200 https://registry.npmjs.org/@typeschema%2fruntypes 645ms (cache revalidated)
142 silly packumentCache full:https://registry.npmjs.org/@typeschema%2fruntypes set size:13458 disposed:false
143 silly fetch manifest runtypes@^6.7.0
144 silly packumentCache full:https://registry.npmjs.org/runtypes cache-miss
145 http fetch GET 200 https://registry.npmjs.org/runtypes 3653ms (cache revalidated)
146 silly packumentCache full:https://registry.npmjs.org/runtypes set size:259711 disposed:false
147 silly fetch manifest @typeschema/superstruct@0.14.0
148 silly packumentCache full:https://registry.npmjs.org/@typeschema%2fsuperstruct cache-miss
149 http fetch GET 200 https://registry.npmjs.org/@typeschema%2fsuperstruct 596ms (cache revalidated)
150 silly packumentCache full:https://registry.npmjs.org/@typeschema%2fsuperstruct set size:13577 disposed:false
151 silly fetch manifest superstruct@^2.0.2
152 silly packumentCache full:https://registry.npmjs.org/superstruct cache-miss
153 http fetch GET 200 https://registry.npmjs.org/superstruct 442ms (cache revalidated)
154 silly packumentCache full:https://registry.npmjs.org/superstruct set size:403823 disposed:false
155 silly fetch manifest @typeschema/suretype@0.2.0
156 silly packumentCache full:https://registry.npmjs.org/@typeschema%2fsuretype cache-miss
157 http fetch GET 200 https://registry.npmjs.org/@typeschema%2fsuretype 3193ms (cache revalidated)
158 silly packumentCache full:https://registry.npmjs.org/@typeschema%2fsuretype set size:8423 disposed:false
159 silly fetch manifest suretype@^3.3.1
160 silly packumentCache full:https://registry.npmjs.org/suretype cache-miss
161 http fetch GET 200 https://registry.npmjs.org/suretype 422ms (cache revalidated)
162 silly packumentCache full:https://registry.npmjs.org/suretype set size:96800 disposed:false
163 silly fetch manifest @typeschema/typebox@0.14.0
164 silly packumentCache full:https://registry.npmjs.org/@typeschema%2ftypebox cache-miss
165 http fetch GET 200 https://registry.npmjs.org/@typeschema%2ftypebox 624ms (cache revalidated)
166 silly packumentCache full:https://registry.npmjs.org/@typeschema%2ftypebox set size:19229 disposed:false
167 silly fetch manifest @sinclair/typebox@^0.33.7
168 silly packumentCache full:https://registry.npmjs.org/@sinclair%2ftypebox cache-miss
169 http cache https://registry.npmjs.org/@sinclair%2ftypebox 20ms (cache hit)
170 silly packumentCache full:https://registry.npmjs.org/@sinclair%2ftypebox set size:1212785 disposed:false
171 silly fetch manifest @typeschema/valibot@0.14.0
172 silly packumentCache full:https://registry.npmjs.org/@typeschema%2fvalibot cache-miss
173 http fetch GET 200 https://registry.npmjs.org/@typeschema%2fvalibot 3767ms (cache revalidated)
174 silly packumentCache full:https://registry.npmjs.org/@typeschema%2fvalibot set size:22952 disposed:false
175 silly fetch manifest @gcornut/valibot-json-schema@^0.37.0
176 silly packumentCache full:https://registry.npmjs.org/@gcornut%2fvalibot-json-schema cache-miss
177 http fetch GET 200 https://registry.npmjs.org/@gcornut%2fvalibot-json-schema 672ms (cache revalidated)
178 silly packumentCache full:https://registry.npmjs.org/@gcornut%2fvalibot-json-schema set size:212480 disposed:false
179 silly fetch manifest valibot@^0.39.0
180 silly packumentCache full:https://registry.npmjs.org/valibot cache-miss
181 http fetch GET 200 https://registry.npmjs.org/valibot 261ms (cache revalidated)
182 silly packumentCache full:https://registry.npmjs.org/valibot set size:258931 disposed:false
183 silly fetch manifest typescript@~5.8.2
184 silly packumentCache full:https://registry.npmjs.org/typescript cache-miss
185 http cache https://registry.npmjs.org/typescript 147ms (cache hit)
186 silly packumentCache full:https://registry.npmjs.org/typescript set size:15614421 disposed:false
187 silly fetch manifest @typeschema/valita@0.2.0
188 silly packumentCache full:https://registry.npmjs.org/@typeschema%2fvalita cache-miss
189 http fetch GET 200 https://registry.npmjs.org/@typeschema%2fvalita 760ms (cache revalidated)
190 silly packumentCache full:https://registry.npmjs.org/@typeschema%2fvalita set size:8271 disposed:false
191 silly fetch manifest @badrap/valita@^0.3.9
192 silly packumentCache full:https://registry.npmjs.org/@badrap%2fvalita cache-miss
193 http fetch GET 200 https://registry.npmjs.org/@badrap%2fvalita 666ms (cache revalidated)
194 silly packumentCache full:https://registry.npmjs.org/@badrap%2fvalita set size:259629 disposed:false
195 silly fetch manifest @typeschema/vine@0.2.0
196 silly packumentCache full:https://registry.npmjs.org/@typeschema%2fvine cache-miss
197 http fetch GET 200 https://registry.npmjs.org/@typeschema%2fvine 703ms (cache revalidated)
198 silly packumentCache full:https://registry.npmjs.org/@typeschema%2fvine set size:8211 disposed:false
199 silly fetch manifest @vinejs/vine@^2.1.0
200 silly packumentCache full:https://registry.npmjs.org/@vinejs%2fvine cache-miss
201 http fetch GET 200 https://registry.npmjs.org/@vinejs%2fvine 649ms (cache revalidated)
202 silly packumentCache full:https://registry.npmjs.org/@vinejs%2fvine set size:114849 disposed:false
203 silly fetch manifest @typeschema/yup@0.14.0
204 silly packumentCache full:https://registry.npmjs.org/@typeschema%2fyup cache-miss
205 http fetch GET 200 https://registry.npmjs.org/@typeschema%2fyup 3805ms (cache revalidated)
206 silly packumentCache full:https://registry.npmjs.org/@typeschema%2fyup set size:16778 disposed:false
207 silly fetch manifest @sodaru/yup-to-json-schema@^2.0.1
208 silly packumentCache full:https://registry.npmjs.org/@sodaru%2fyup-to-json-schema cache-miss
209 http fetch GET 200 https://registry.npmjs.org/@sodaru%2fyup-to-json-schema 3692ms (cache revalidated)
210 silly packumentCache full:https://registry.npmjs.org/@sodaru%2fyup-to-json-schema set size:30812 disposed:false
211 silly fetch manifest yup@^1.4.0
212 silly packumentCache full:https://registry.npmjs.org/yup cache-miss
213 http fetch GET 200 https://registry.npmjs.org/yup 460ms (cache revalidated)
214 silly packumentCache full:https://registry.npmjs.org/yup set size:439032 disposed:false
215 silly fetch manifest @typeschema/zod@0.14.0
216 silly packumentCache full:https://registry.npmjs.org/@typeschema%2fzod cache-miss
217 http fetch GET 200 https://registry.npmjs.org/@typeschema%2fzod 678ms (cache revalidated)
218 silly packumentCache full:https://registry.npmjs.org/@typeschema%2fzod set size:16629 disposed:false
219 silly fetch manifest zod@^4.4.3
220 silly packumentCache full:https://registry.npmjs.org/zod cache-miss
221 http fetch GET 200 https://registry.npmjs.org/zod 172ms (cache revalidated)
222 silly packumentCache full:https://registry.npmjs.org/zod set size:4147901 disposed:false
223 silly fetch manifest zod@^3.23.8
224 silly packumentCache full:https://registry.npmjs.org/zod cache-miss
225 http cache https://registry.npmjs.org/zod 30ms (cache hit)
226 silly packumentCache full:https://registry.npmjs.org/zod set size:4147901 disposed:false
227 silly fetch manifest zod-to-json-schema@^3.23.2
228 silly packumentCache full:https://registry.npmjs.org/zod-to-json-schema cache-miss
229 http fetch GET 200 https://registry.npmjs.org/zod-to-json-schema 311ms (cache revalidated)
230 silly packumentCache full:https://registry.npmjs.org/zod-to-json-schema set size:309584 disposed:false
231 silly fetch manifest ajv-errors@^3.0.0
232 silly packumentCache full:https://registry.npmjs.org/ajv-errors cache-miss
233 http fetch GET 200 https://registry.npmjs.org/ajv-errors 249ms (cache revalidated)
234 silly packumentCache full:https://registry.npmjs.org/ajv-errors set size:52956 disposed:false
235 silly fetch manifest ajv-formats@^2.1.1
236 silly packumentCache full:https://registry.npmjs.org/ajv-formats cache-miss
237 http fetch GET 200 https://registry.npmjs.org/ajv-formats 407ms (cache revalidated)
238 silly packumentCache full:https://registry.npmjs.org/ajv-formats set size:141264 disposed:false
239 silly fetch manifest ata-validator@^1.2.0
240 silly packumentCache full:https://registry.npmjs.org/ata-validator cache-miss
241 http fetch GET 200 https://registry.npmjs.org/ata-validator 462ms (cache revalidated)
242 silly packumentCache full:https://registry.npmjs.org/ata-validator set size:418917 disposed:false
243 silly fetch manifest yaml@^2.0.0
244 silly packumentCache full:https://registry.npmjs.org/yaml cache-miss
245 http fetch GET 200 https://registry.npmjs.org/yaml 435ms (cache revalidated)
246 silly packumentCache full:https://registry.npmjs.org/yaml set size:385754 disposed:false
247 silly fetch manifest class-transformer@>=0.4.0
248 silly packumentCache full:https://registry.npmjs.org/class-transformer cache-miss
249 http fetch GET 200 https://registry.npmjs.org/class-transformer 298ms (cache revalidated)
250 silly packumentCache full:https://registry.npmjs.org/class-transformer set size:106571 disposed:false
251 silly fetch manifest computed-types@^1.0.0
252 silly packumentCache full:https://registry.npmjs.org/computed-types cache-miss
253 http fetch GET 200 https://registry.npmjs.org/computed-types 490ms (cache revalidated)
254 silly packumentCache full:https://registry.npmjs.org/computed-types set size:165470 disposed:false
255 silly fetch manifest fluentvalidation-ts@^3.0.0
256 silly packumentCache full:https://registry.npmjs.org/fluentvalidation-ts cache-miss
257 http fetch GET 200 https://registry.npmjs.org/fluentvalidation-ts 524ms (cache revalidated)
258 silly packumentCache full:https://registry.npmjs.org/fluentvalidation-ts set size:361999 disposed:false
259 silly fetch manifest nope-validator@>=0.12.0
260 silly packumentCache full:https://registry.npmjs.org/nope-validator cache-miss
261 http fetch GET 200 https://registry.npmjs.org/nope-validator 379ms (cache revalidated)
262 silly packumentCache full:https://registry.npmjs.org/nope-validator set size:124638 disposed:false
263 silly fetch manifest react-hook-form@^7.85.0
264 silly packumentCache full:https://registry.npmjs.org/react-hook-form cache-miss
265 http fetch GET 200 https://registry.npmjs.org/react-hook-form 535ms (cache revalidated)
266 silly packumentCache full:https://registry.npmjs.org/react-hook-form set size:5208386 disposed:false
267 silly fetch manifest react@^19.0.1
268 silly packumentCache full:https://registry.npmjs.org/react cache-miss
269 http fetch GET 200 https://registry.npmjs.org/react 184ms (cache revalidated)
270 silly packumentCache full:https://registry.npmjs.org/react set size:6926968 disposed:false
271 silly fetch manifest typanion@^3.3.2
272 silly packumentCache full:https://registry.npmjs.org/typanion cache-miss
273 http fetch GET 200 https://registry.npmjs.org/typanion 457ms (cache revalidated)
274 silly packumentCache full:https://registry.npmjs.org/typanion set size:72113 disposed:false
275 silly fetch manifest vest@>=6.0.0
276 silly packumentCache full:https://registry.npmjs.org/vest cache-miss
277 http fetch GET 200 https://registry.npmjs.org/vest 685ms (cache revalidated)
278 silly packumentCache full:https://registry.npmjs.org/vest set size:3691380 disposed:false
279 silly fetch manifest @supabase/supabase-js@^2.112.3
280 silly packumentCache full:https://registry.npmjs.org/@supabase%2fsupabase-js cache-miss
281 http fetch GET 200 https://registry.npmjs.org/@supabase%2fsupabase-js 593ms (cache revalidated)
282 silly packumentCache full:https://registry.npmjs.org/@supabase%2fsupabase-js set size:3938783 disposed:false
283 silly fetch manifest @opentelemetry/api@>=1.0.0
284 silly packumentCache full:https://registry.npmjs.org/@opentelemetry%2fapi cache-miss
285 http fetch GET 200 https://registry.npmjs.org/@opentelemetry%2fapi 240ms (cache revalidated)
286 silly packumentCache full:https://registry.npmjs.org/@opentelemetry%2fapi set size:272967 disposed:false
287 silly fetch manifest @tailwindcss/vite@^4.1.14
288 silly packumentCache full:https://registry.npmjs.org/@tailwindcss%2fvite cache-miss
289 http fetch GET 200 https://registry.npmjs.org/@tailwindcss%2fvite 456ms (cache revalidated)
290 silly packumentCache full:https://registry.npmjs.org/@tailwindcss%2fvite set size:2309488 disposed:false
291 silly fetch manifest vite@^6.2.3
292 silly packumentCache full:https://registry.npmjs.org/vite cache-miss
293 http fetch GET 200 https://registry.npmjs.org/vite 367ms (cache revalidated)
294 silly packumentCache full:https://registry.npmjs.org/vite set size:38929639 disposed:false
295 silly fetch manifest @types/node@^22.14.0
296 silly packumentCache full:https://registry.npmjs.org/@types%2fnode cache-miss
297 http fetch GET 200 https://registry.npmjs.org/@types%2fnode 208ms (cache revalidated)
298 silly packumentCache full:https://registry.npmjs.org/@types%2fnode set size:11096266 disposed:false
299 silly fetch manifest jiti@>=1.21.0
300 silly packumentCache full:https://registry.npmjs.org/jiti cache-miss
301 http fetch GET 200 https://registry.npmjs.org/jiti 261ms (cache revalidated)
302 silly packumentCache full:https://registry.npmjs.org/jiti set size:387989 disposed:false
303 silly fetch manifest less@*
304 silly packumentCache full:https://registry.npmjs.org/less cache-miss
305 http fetch GET 200 https://registry.npmjs.org/less 159ms (cache revalidated)
306 silly packumentCache full:https://registry.npmjs.org/less set size:500352 disposed:false
307 silly fetch manifest lightningcss@^1.21.0
308 silly packumentCache full:https://registry.npmjs.org/lightningcss cache-miss
309 http fetch GET 200 https://registry.npmjs.org/lightningcss 211ms (cache revalidated)
310 silly packumentCache full:https://registry.npmjs.org/lightningcss set size:191065 disposed:false
311 silly fetch manifest sass@*
312 silly packumentCache full:https://registry.npmjs.org/sass cache-miss
313 http fetch GET 200 https://registry.npmjs.org/sass 174ms (cache revalidated)
314 silly packumentCache full:https://registry.npmjs.org/sass set size:747752 disposed:false
315 silly fetch manifest sass-embedded@*
316 silly packumentCache full:https://registry.npmjs.org/sass-embedded cache-miss
317 http fetch GET 200 https://registry.npmjs.org/sass-embedded 3234ms (cache revalidated)
318 silly packumentCache full:https://registry.npmjs.org/sass-embedded set size:428375 disposed:false
319 silly fetch manifest stylus@*
320 silly packumentCache full:https://registry.npmjs.org/stylus cache-miss
321 http fetch GET 200 https://registry.npmjs.org/stylus 156ms (cache revalidated)
322 silly packumentCache full:https://registry.npmjs.org/stylus set size:286766 disposed:false
323 silly fetch manifest sugarss@*
324 silly packumentCache full:https://registry.npmjs.org/sugarss cache-miss
325 http fetch GET 200 https://registry.npmjs.org/sugarss 176ms (cache revalidated)
326 silly packumentCache full:https://registry.npmjs.org/sugarss set size:44975 disposed:false
327 silly fetch manifest postcss@^8.3.3
328 silly packumentCache full:https://registry.npmjs.org/postcss cache-miss
329 http fetch GET 200 https://registry.npmjs.org/postcss 386ms (cache revalidated)
330 silly packumentCache full:https://registry.npmjs.org/postcss set size:760024 disposed:false
331 silly fetch manifest terser@^5.16.0
332 silly packumentCache full:https://registry.npmjs.org/terser cache-miss
333 http cache https://registry.npmjs.org/terser 23ms (cache hit)
334 silly packumentCache full:https://registry.npmjs.org/terser set size:827672 disposed:false
335 silly fetch manifest tsx@^4.21.0
336 silly packumentCache full:https://registry.npmjs.org/tsx cache-miss
337 http fetch GET 200 https://registry.npmjs.org/tsx 289ms (cache revalidated)
338 silly packumentCache full:https://registry.npmjs.org/tsx set size:344351 disposed:false
339 silly fetch manifest yaml@^2.4.2
340 silly packumentCache full:https://registry.npmjs.org/yaml cache-hit
341 silly fetch manifest @tanstack/react-query@^5.101.4
342 silly packumentCache full:https://registry.npmjs.org/@tanstack%2freact-query cache-miss
343 http fetch GET 200 https://registry.npmjs.org/@tanstack%2freact-query 388ms (cache revalidated)
344 silly packumentCache full:https://registry.npmjs.org/@tanstack%2freact-query set size:1657982 disposed:false
345 silly fetch manifest @tanstack/react-router@1.120.0
346 silly packumentCache full:https://registry.npmjs.org/@tanstack%2freact-router cache-miss
347 http fetch GET 200 https://registry.npmjs.org/@tanstack%2freact-router 1150ms (cache revalidated)
348 silly packumentCache full:https://registry.npmjs.org/@tanstack%2freact-router set size:3687605 disposed:false
349 silly fetch manifest react-dom@^19.0.1
350 silly packumentCache full:https://registry.npmjs.org/react-dom cache-miss
351 http fetch GET 200 https://registry.npmjs.org/react-dom 228ms (cache revalidated)
352 silly packumentCache full:https://registry.npmjs.org/react-dom set size:9313795 disposed:false
353 silly fetch manifest @tanstack/react-start@1.120.0
354 silly packumentCache full:https://registry.npmjs.org/@tanstack%2freact-start cache-miss
355 http fetch GET 200 https://registry.npmjs.org/@tanstack%2freact-start 815ms (cache revalidated)
356 silly packumentCache full:https://registry.npmjs.org/@tanstack%2freact-start set size:3265156 disposed:false
357 silly fetch manifest @vitejs/plugin-react@^5.0.4
358 silly packumentCache full:https://registry.npmjs.org/@vitejs%2fplugin-react cache-miss
359 http fetch GET 200 https://registry.npmjs.org/@vitejs%2fplugin-react 427ms (cache revalidated)
360 silly packumentCache full:https://registry.npmjs.org/@vitejs%2fplugin-react set size:284195 disposed:false
361 silly fetch manifest axios@^1.19.0
362 silly packumentCache full:https://registry.npmjs.org/axios cache-miss
363 http fetch GET 200 https://registry.npmjs.org/axios 421ms (cache revalidated)
364 silly packumentCache full:https://registry.npmjs.org/axios set size:857738 disposed:false
365 silly fetch manifest class-variance-authority@^0.7.1
366 silly packumentCache full:https://registry.npmjs.org/class-variance-authority cache-miss
367 http fetch GET 200 https://registry.npmjs.org/class-variance-authority 260ms (cache revalidated)
368 silly packumentCache full:https://registry.npmjs.org/class-variance-authority set size:96388 disposed:false
369 silly fetch manifest clsx@^2.1.1
370 silly packumentCache full:https://registry.npmjs.org/clsx cache-miss
371 http fetch GET 200 https://registry.npmjs.org/clsx 280ms (cache revalidated)
372 silly packumentCache full:https://registry.npmjs.org/clsx set size:42506 disposed:false
373 silly fetch manifest dotenv@^17.2.3
374 silly packumentCache full:https://registry.npmjs.org/dotenv cache-miss
375 http fetch GET 200 https://registry.npmjs.org/dotenv 262ms (cache revalidated)
376 silly packumentCache full:https://registry.npmjs.org/dotenv set size:277821 disposed:false
377 silly fetch manifest express@^4.21.2
378 silly packumentCache full:https://registry.npmjs.org/express cache-miss
379 http cache https://registry.npmjs.org/express 98ms (cache hit)
380 silly packumentCache full:https://registry.npmjs.org/express set size:804975 disposed:false
381 silly fetch manifest lucide-react@^0.546.0
382 silly packumentCache full:https://registry.npmjs.org/lucide-react cache-miss
383 http fetch GET 200 https://registry.npmjs.org/lucide-react 1218ms (cache revalidated)
384 silly packumentCache full:https://registry.npmjs.org/lucide-react set size:2331652 disposed:false
385 silly fetch manifest motion@^12.23.24
386 silly packumentCache full:https://registry.npmjs.org/motion cache-miss
387 http fetch GET 200 https://registry.npmjs.org/motion 575ms (cache revalidated)
388 silly packumentCache full:https://registry.npmjs.org/motion set size:1420580 disposed:false
389 silly fetch manifest @emotion/is-prop-valid@*
390 silly packumentCache full:https://registry.npmjs.org/@emotion%2fis-prop-valid cache-miss
391 http fetch GET 200 https://registry.npmjs.org/@emotion%2fis-prop-valid 1381ms (cache revalidated)
392 silly packumentCache full:https://registry.npmjs.org/@emotion%2fis-prop-valid set size:96539 disposed:false
393 silly fetch manifest pdf-lib@^1.17.1
394 silly packumentCache full:https://registry.npmjs.org/pdf-lib cache-miss
395 http fetch GET 200 https://registry.npmjs.org/pdf-lib 559ms (cache revalidated)
396 silly packumentCache full:https://registry.npmjs.org/pdf-lib set size:1129323 disposed:false
397 silly fetch manifest recharts@^3.10.1
398 silly packumentCache full:https://registry.npmjs.org/recharts cache-miss
399 http fetch GET 200 https://registry.npmjs.org/recharts 576ms (cache revalidated)
400 silly packumentCache full:https://registry.npmjs.org/recharts set size:1445457 disposed:false
401 silly fetch manifest react-is@^16.8.0 || ^17.0.0 || ^18.0.0 || ^19.0.0
402 silly packumentCache full:https://registry.npmjs.org/react-is cache-miss
403 http fetch GET 200 https://registry.npmjs.org/react-is 677ms (cache revalidated)
404 silly packumentCache full:https://registry.npmjs.org/react-is set size:5605732 disposed:false
405 silly fetch manifest tailwind-merge@^3.6.0
406 silly packumentCache full:https://registry.npmjs.org/tailwind-merge cache-miss
407 http fetch GET 200 https://registry.npmjs.org/tailwind-merge 640ms (cache revalidated)
408 silly packumentCache full:https://registry.npmjs.org/tailwind-merge set size:1723447 disposed:false
409 silly fetch manifest zustand@^5.0.14
410 silly packumentCache full:https://registry.npmjs.org/zustand cache-miss
411 http fetch GET 200 https://registry.npmjs.org/zustand 465ms (cache revalidated)
412 silly packumentCache full:https://registry.npmjs.org/zustand set size:489641 disposed:false
413 silly fetch manifest @types/react@>=18.0.0
414 silly packumentCache full:https://registry.npmjs.org/@types%2freact cache-miss
415 http fetch GET 200 https://registry.npmjs.org/@types%2freact 235ms (cache revalidated)
416 silly packumentCache full:https://registry.npmjs.org/@types%2freact set size:2637439 disposed:false
417 silly fetch manifest immer@>=9.0.6
418 silly packumentCache full:https://registry.npmjs.org/immer cache-miss
419 http fetch GET 200 https://registry.npmjs.org/immer 952ms (cache revalidated)
420 silly packumentCache full:https://registry.npmjs.org/immer set size:798677 disposed:false
421 silly fetch manifest use-sync-external-store@>=1.2.0
422 silly packumentCache full:https://registry.npmjs.org/use-sync-external-store cache-miss
423 http fetch GET 200 https://registry.npmjs.org/use-sync-external-store 576ms (cache revalidated)
424 silly packumentCache full:https://registry.npmjs.org/use-sync-external-store set size:4968927 disposed:false
425 silly fetch manifest @types/express@^4.17.21
426 silly packumentCache full:https://registry.npmjs.org/@types%2fexpress cache-miss
427 http fetch GET 200 https://registry.npmjs.org/@types%2fexpress 326ms (cache revalidated)
428 silly packumentCache full:https://registry.npmjs.org/@types%2fexpress set size:111364 disposed:false
429 silly fetch manifest autoprefixer@^10.4.21
430 silly packumentCache full:https://registry.npmjs.org/autoprefixer cache-miss
431 http fetch GET 200 https://registry.npmjs.org/autoprefixer 345ms (cache revalidated)
432 silly packumentCache full:https://registry.npmjs.org/autoprefixer set size:1366815 disposed:false
433 silly fetch manifest postcss@^8.1.0
434 silly packumentCache full:https://registry.npmjs.org/postcss cache-hit
435 silly fetch manifest esbuild@^0.25.0
436 silly packumentCache full:https://registry.npmjs.org/esbuild cache-miss
437 http cache https://registry.npmjs.org/esbuild 25ms (cache hit)
438 silly packumentCache full:https://registry.npmjs.org/esbuild set size:1264676 disposed:false
439 silly fetch manifest supabase@^2.115.0
440 silly packumentCache full:https://registry.npmjs.org/supabase cache-miss
441 http fetch GET 200 https://registry.npmjs.org/supabase 803ms (cache revalidated)
442 silly packumentCache full:https://registry.npmjs.org/supabase set size:4570813 disposed:false
443 silly fetch manifest tailwindcss@^4.1.14
444 silly packumentCache full:https://registry.npmjs.org/tailwindcss cache-miss
445 http cache https://registry.npmjs.org/tailwindcss 81ms (cache hit)
446 silly packumentCache full:https://registry.npmjs.org/tailwindcss set size:10868886 disposed:false
447 silly placeDep ROOT @google/genai@2.19.0 OK for: react-example@0.0.0 want: ^2.4.0
448 silly placeDep ROOT @hookform/resolvers@5.9.1 OK for: react-example@0.0.0 want: ^5.8.0
449 silly placeDep ROOT react-hook-form@7.87.0 OK for: @hookform/resolvers@5.9.1 want: ^7.55.0
450 silly placeDep ROOT react@19.2.8 OK for: react-hook-form@7.87.0 want: ^16.8.0 || ^17 || ^18 || ^19
451 silly placeDep ROOT @supabase/supabase-js@2.112.4 OK for: react-example@0.0.0 want: ^2.112.3
452 silly placeDep ROOT @tailwindcss/vite@4.3.3 OK for: react-example@0.0.0 want: ^4.1.14
453 silly placeDep ROOT vite@6.4.3 OK for: @tailwindcss/vite@4.3.3 want: ^5.2.0 || ^6 || ^7 || ^8
454 silly placeDep ROOT @tanstack/react-query@5.102.8 OK for: react-example@0.0.0 want: ^5.101.4
455 silly placeDep ROOT @tanstack/react-router@1.120.0 OK for: react-example@0.0.0 want: 1.120.0
456 silly placeDep ROOT react-dom@19.2.8 OK for: @tanstack/react-router@1.120.0 want: >=18.0.0 || >=19.0.0
457 silly placeDep ROOT @tanstack/react-start@1.120.0 OK for: react-example@0.0.0 want: 1.120.0
458 silly placeDep ROOT @types/express@4.17.25 OK for: react-example@0.0.0 want: ^4.17.21
459 silly placeDep ROOT @types/node@22.20.1 OK for: react-example@0.0.0 want: ^22.14.0
460 silly placeDep ROOT @vitejs/plugin-react@5.2.0 OK for: react-example@0.0.0 want: ^5.0.4
461 silly placeDep ROOT autoprefixer@10.5.4 OK for: react-example@0.0.0 want: ^10.4.21
462 silly placeDep ROOT postcss@8.5.26 OK for: autoprefixer@10.5.4 want: ^8.1.0
463 silly placeDep ROOT axios@1.20.0 OK for: react-example@0.0.0 want: ^1.19.0
464 silly placeDep ROOT class-variance-authority@0.7.1 OK for: react-example@0.0.0 want: ^0.7.1
465 silly placeDep ROOT clsx@2.1.1 OK for: react-example@0.0.0 want: ^2.1.1
466 silly placeDep ROOT dotenv@17.4.2 OK for: react-example@0.0.0 want: ^17.2.3
467 silly placeDep ROOT esbuild@0.25.12 OK for: react-example@0.0.0 want: ^0.25.0
468 silly placeDep ROOT express@4.22.2 OK for: react-example@0.0.0 want: ^4.21.2
469 silly placeDep ROOT lucide-react@0.546.0 OK for: react-example@0.0.0 want: ^0.546.0
470 silly placeDep ROOT motion@12.43.0 OK for: react-example@0.0.0 want: ^12.23.24
471 silly placeDep ROOT pdf-lib@1.17.1 OK for: react-example@0.0.0 want: ^1.17.1
472 silly placeDep ROOT recharts@3.10.1 OK for: react-example@0.0.0 want: ^3.10.1
473 silly placeDep ROOT react-is@19.2.8 OK for: recharts@3.10.1 want: ^16.8.0 || ^17.0.0 || ^18.0.0 || ^19.0.0
474 silly placeDep ROOT supabase@2.116.0 OK for: react-example@0.0.0 want: ^2.115.0
475 silly placeDep ROOT tailwind-merge@3.6.0 OK for: react-example@0.0.0 want: ^3.6.0
476 silly placeDep ROOT tailwindcss@4.3.3 OK for: react-example@0.0.0 want: ^4.1.14
477 silly placeDep ROOT tsx@4.23.13 OK for: react-example@0.0.0 want: ^4.21.0
478 silly placeDep ROOT typescript@5.8.3 OK for: react-example@0.0.0 want: ~5.8.2
479 silly placeDep ROOT zod@4.5.4 OK for: react-example@0.0.0 want: ^4.4.3
480 silly placeDep ROOT zustand@5.0.15 OK for: react-example@0.0.0 want: ^5.0.14
481 silly fetch manifest ws@^8.18.0
482 silly packumentCache full:https://registry.npmjs.org/ws cache-miss
483 silly fetch manifest p-retry@^4.6.2
484 silly packumentCache full:https://registry.npmjs.org/p-retry cache-miss
485 silly fetch manifest protobufjs@^7.5.4
486 silly packumentCache full:https://registry.npmjs.org/protobufjs cache-miss
487 http fetch GET 200 https://registry.npmjs.org/ws 187ms (cache revalidated)
488 silly packumentCache full:https://registry.npmjs.org/ws set size:447661 disposed:false
489 silly fetch manifest google-auth-library@^10.3.0
490 silly packumentCache full:https://registry.npmjs.org/google-auth-library cache-miss
491 http fetch GET 200 https://registry.npmjs.org/google-auth-library 313ms (cache revalidated)
492 silly packumentCache full:https://registry.npmjs.org/google-auth-library set size:745018 disposed:false
493 silly fetch manifest @standard-schema/utils@^0.3.0
494 silly packumentCache full:https://registry.npmjs.org/@standard-schema%2futils cache-miss
495 http fetch GET 200 https://registry.npmjs.org/protobufjs 839ms (cache revalidated)
496 silly packumentCache full:https://registry.npmjs.org/protobufjs set size:760935 disposed:false
497 silly fetch manifest @supabase/auth-js@2.112.4
498 silly packumentCache full:https://registry.npmjs.org/@supabase%2fauth-js cache-miss
499 http fetch GET 200 https://registry.npmjs.org/p-retry 889ms (cache revalidated)
500 silly packumentCache full:https://registry.npmjs.org/p-retry set size:72148 disposed:false
501 silly fetch manifest @supabase/storage-js@2.112.4
502 silly packumentCache full:https://registry.npmjs.org/@supabase%2fstorage-js cache-miss
503 http fetch GET 200 https://registry.npmjs.org/@standard-schema%2futils 463ms (cache revalidated)
504 silly packumentCache full:https://registry.npmjs.org/@standard-schema%2futils set size:15545 disposed:false
505 silly fetch manifest @supabase/realtime-js@2.112.4
506 silly packumentCache full:https://registry.npmjs.org/@supabase%2frealtime-js cache-miss
507 http fetch GET 200 https://registry.npmjs.org/@supabase%2fstorage-js 453ms (cache revalidated)
508 silly packumentCache full:https://registry.npmjs.org/@supabase%2fstorage-js set size:1610703 disposed:false
509 silly fetch manifest @supabase/functions-js@2.112.4
510 silly packumentCache full:https://registry.npmjs.org/@supabase%2ffunctions-js cache-miss
511 http fetch GET 200 https://registry.npmjs.org/@supabase%2fauth-js 541ms (cache revalidated)
512 silly packumentCache full:https://registry.npmjs.org/@supabase%2fauth-js set size:1615582 disposed:false
513 silly fetch manifest @supabase/postgrest-js@2.112.4
514 silly packumentCache full:https://registry.npmjs.org/@supabase%2fpostgrest-js cache-miss
515 http fetch GET 200 https://registry.npmjs.org/@supabase%2frealtime-js 813ms (cache revalidated)
516 silly packumentCache full:https://registry.npmjs.org/@supabase%2frealtime-js set size:1860308 disposed:false
517 silly fetch manifest tailwindcss@4.3.3
518 silly packumentCache full:https://registry.npmjs.org/tailwindcss cache-miss
519 http cache https://registry.npmjs.org/tailwindcss 205ms (cache hit)
520 silly packumentCache full:https://registry.npmjs.org/tailwindcss set size:10868886 disposed:false
521 silly fetch manifest @tailwindcss/node@4.3.3
522 silly packumentCache full:https://registry.npmjs.org/@tailwindcss%2fnode cache-miss
523 http fetch GET 200 https://registry.npmjs.org/@supabase%2ffunctions-js 2148ms (cache revalidated)
524 silly packumentCache full:https://registry.npmjs.org/@supabase%2ffunctions-js set size:1335226 disposed:false
525 silly fetch manifest @tailwindcss/oxide@4.3.3
526 silly packumentCache full:https://registry.npmjs.org/@tailwindcss%2foxide cache-miss
527 http fetch GET 200 https://registry.npmjs.org/@supabase%2fpostgrest-js 2132ms (cache revalidated)
528 silly packumentCache full:https://registry.npmjs.org/@supabase%2fpostgrest-js set size:2061199 disposed:false
529 silly fetch manifest fdir@^6.4.4
530 silly packumentCache full:https://registry.npmjs.org/fdir cache-miss
531 http fetch GET 200 https://registry.npmjs.org/fdir 630ms (cache revalidated)
532 silly packumentCache full:https://registry.npmjs.org/fdir set size:136182 disposed:false
533 silly fetch manifest rollup@^4.34.9
534 silly packumentCache full:https://registry.npmjs.org/rollup cache-miss
535 http fetch GET 200 https://registry.npmjs.org/@tailwindcss%2fnode 1025ms (cache revalidated)
536 silly packumentCache full:https://registry.npmjs.org/@tailwindcss%2fnode set size:2361309 disposed:false
537 silly fetch manifest postcss@^8.5.3
538 silly packumentCache full:https://registry.npmjs.org/postcss cache-hit
539 silly fetch manifest picomatch@^4.0.2
540 silly packumentCache full:https://registry.npmjs.org/picomatch cache-miss
541 http fetch GET 200 https://registry.npmjs.org/@tailwindcss%2foxide 1949ms (cache revalidated)
542 silly packumentCache full:https://registry.npmjs.org/@tailwindcss%2foxide set size:4754430 disposed:false
543 silly fetch manifest tinyglobby@^0.2.13
544 silly packumentCache full:https://registry.npmjs.org/tinyglobby cache-miss
545 http fetch GET 200 https://registry.npmjs.org/rollup 2061ms (cache revalidated)
546 silly packumentCache full:https://registry.npmjs.org/rollup set size:6315915 disposed:false
547 silly fetch manifest fsevents@~2.3.3
548 silly packumentCache full:https://registry.npmjs.org/fsevents cache-miss
549 http fetch GET 200 https://registry.npmjs.org/picomatch 2155ms (cache revalidated)
550 silly packumentCache full:https://registry.npmjs.org/picomatch set size:134451 disposed:false
551 silly fetch manifest @tanstack/query-core@5.102.8
552 silly packumentCache full:https://registry.npmjs.org/@tanstack%2fquery-core cache-miss
553 http fetch GET 200 https://registry.npmjs.org/tinyglobby 1500ms (cache revalidated)
554 silly packumentCache full:https://registry.npmjs.org/tinyglobby set size:54291 disposed:false
555 silly fetch manifest jsesc@^3.1.0
556 silly packumentCache full:https://registry.npmjs.org/jsesc cache-miss
557 http fetch GET 200 https://registry.npmjs.org/fsevents 469ms (cache revalidated)
558 silly packumentCache full:https://registry.npmjs.org/fsevents set size:182472 disposed:false
559 silly fetch manifest tiny-warning@^1.0.3
560 silly packumentCache full:https://registry.npmjs.org/tiny-warning cache-miss
561 http fetch GET 200 https://registry.npmjs.org/@tanstack%2fquery-core 544ms (cache revalidated)
562 silly packumentCache full:https://registry.npmjs.org/@tanstack%2fquery-core set size:1141625 disposed:false
563 silly fetch manifest tiny-invariant@^1.3.3
564 silly packumentCache full:https://registry.npmjs.org/tiny-invariant cache-miss
565 http fetch GET 200 https://registry.npmjs.org/tiny-warning 620ms (cache revalidated)
566 silly packumentCache full:https://registry.npmjs.org/tiny-warning set size:25899 disposed:false
567 silly fetch manifest @tanstack/history@1.115.0
568 silly packumentCache full:https://registry.npmjs.org/@tanstack%2fhistory cache-miss
569 http fetch GET 200 https://registry.npmjs.org/jsesc 689ms (cache revalidated)
570 silly packumentCache full:https://registry.npmjs.org/jsesc set size:61512 disposed:false
571 silly fetch manifest @tanstack/react-store@^0.7.0
572 silly packumentCache full:https://registry.npmjs.org/@tanstack%2freact-store cache-miss
573 http fetch GET 200 https://registry.npmjs.org/tiny-invariant 479ms (cache revalidated)
574 silly packumentCache full:https://registry.npmjs.org/tiny-invariant set size:98310 disposed:false
575 silly fetch manifest @tanstack/router-core@1.119.0
576 silly packumentCache full:https://registry.npmjs.org/@tanstack%2frouter-core cache-miss
577 http fetch GET 200 https://registry.npmjs.org/@tanstack%2fhistory 1185ms (cache revalidated)
578 silly packumentCache full:https://registry.npmjs.org/@tanstack%2fhistory set size:506537 disposed:false
579 silly fetch manifest scheduler@^0.27.0
580 silly packumentCache full:https://registry.npmjs.org/scheduler cache-miss
581 http fetch GET 200 https://registry.npmjs.org/@tanstack%2freact-store 1354ms (cache revalidated)
582 silly packumentCache full:https://registry.npmjs.org/@tanstack%2freact-store set size:213359 disposed:false
583 silly fetch manifest @tanstack/start-api-routes@^1.119.0
584 silly packumentCache full:https://registry.npmjs.org/@tanstack%2fstart-api-routes cache-miss
585 http fetch GET 200 https://registry.npmjs.org/@tanstack%2frouter-core 1388ms (cache revalidated)
586 silly packumentCache full:https://registry.npmjs.org/@tanstack%2frouter-core set size:1688356 disposed:false
587 silly fetch manifest @tanstack/react-start-client@^1.120.0
588 silly packumentCache full:https://registry.npmjs.org/@tanstack%2freact-start-client cache-miss
589 http fetch GET 200 https://registry.npmjs.org/@tanstack%2fstart-api-routes 1309ms (cache revalidated)
590 silly packumentCache full:https://registry.npmjs.org/@tanstack%2fstart-api-routes set size:244132 disposed:false
591 silly fetch manifest @tanstack/react-start-config@^1.120.0
592 silly packumentCache full:https://registry.npmjs.org/@tanstack%2freact-start-config cache-miss
593 http fetch GET 200 https://registry.npmjs.org/scheduler 1778ms (cache revalidated)
594 silly packumentCache full:https://registry.npmjs.org/scheduler set size:5719027 disposed:false
595 silly fetch manifest @tanstack/react-start-server@^1.120.0
596 silly packumentCache full:https://registry.npmjs.org/@tanstack%2freact-start-server cache-miss
597 http fetch GET 200 https://registry.npmjs.org/@tanstack%2freact-start-client 1926ms (cache revalidated)
598 silly packumentCache full:https://registry.npmjs.org/@tanstack%2freact-start-client set size:1545767 disposed:false
599 silly fetch manifest @tanstack/start-server-functions-ssr@^1.119.2
600 silly packumentCache full:https://registry.npmjs.org/@tanstack%2fstart-server-functions-ssr cache-miss
601 http fetch GET 200 https://registry.npmjs.org/@tanstack%2freact-start-config 1423ms (cache revalidated)
602 silly packumentCache full:https://registry.npmjs.org/@tanstack%2freact-start-config set size:240144 disposed:false
603 silly fetch manifest @tanstack/react-start-router-manifest@^1.119.0
604 silly packumentCache full:https://registry.npmjs.org/@tanstack%2freact-start-router-manifest cache-miss
605 http fetch GET 200 https://registry.npmjs.org/@tanstack%2fstart-server-functions-ssr 852ms (cache revalidated)
606 silly packumentCache full:https://registry.npmjs.org/@tanstack%2fstart-server-functions-ssr set size:278039 disposed:false
607 silly fetch manifest @tanstack/start-server-functions-client@^1.119.2
608 silly packumentCache full:https://registry.npmjs.org/@tanstack%2fstart-server-functions-client cache-miss
609 http fetch GET 200 https://registry.npmjs.org/@tanstack%2freact-start-server 1404ms (cache revalidated)
610 silly packumentCache full:https://registry.npmjs.org/@tanstack%2freact-start-server set size:1737105 disposed:false
611 silly fetch manifest @tanstack/start-server-functions-server@^1.119.2
612 silly packumentCache full:https://registry.npmjs.org/@tanstack%2fstart-server-functions-server cache-miss
613 http fetch GET 200 https://registry.npmjs.org/@tanstack%2freact-start-router-manifest 1077ms (cache revalidated)
614 silly packumentCache full:https://registry.npmjs.org/@tanstack%2freact-start-router-manifest set size:92490 disposed:false
615 silly fetch manifest @tanstack/start-server-functions-handler@^1.119.0
616 silly packumentCache full:https://registry.npmjs.org/@tanstack%2fstart-server-functions-handler cache-miss
